// Jest Snapshot v1, https://goo.gl/fbAQLP

exports[`home snapshot should render 1`] = `null`;
