// Jest Snapshot v1, https://goo.gl/fbAQLP

exports[`login snapshot should render 1`] = `null`;
